..................................................... [ 55%]
..........................................                               [100%]
============================== warnings summary ===============================
tests/test_backends.py::BackendTests::test_both_architectures_onnx_numerical_parity
tests/test_backends.py::BackendTests::test_both_architectures_onnx_numerical_parity
tests/test_backends.py::BackendTests::test_both_architectures_onnx_numerical_parity
tests/test_backends.py::BackendTests::test_both_architectures_onnx_numerical_parity
tests/test_backends.py::CalibrationTests::test_static_int8_synthetic_plumbing_not_quality
  .\export.py:75: DeprecationWarning: You are using the legacy TorchScript-based ONNX export. Starting in PyTorch 2.9, the new torch.export-based ONNX exporter has become the default. Learn more about the new export logic: https://docs.pytorch.org/docs/stable/onnx_export.html. For exporting control flow: https://pytorch.org/tutorials/beginner/onnx/export_control_flow_model_to_onnx_tutorial.html
    torch.onnx.export(backend.model, dummy, str(output_path), **options)

tests/test_backends.py::BackendTests::test_both_architectures_onnx_numerical_parity
tests/test_backends.py::BackendTests::test_both_architectures_onnx_numerical_parity
tests/test_backends.py::BackendTests::test_both_architectures_onnx_numerical_parity
tests/test_backends.py::BackendTests::test_both_architectures_onnx_numerical_parity
tests/test_backends.py::CalibrationTests::test_static_int8_synthetic_plumbing_not_quality
  .venv\Lib\site-packages\torch\onnx\_internal\torchscript_exporter\utils.py:218: DeprecationWarning: The feature will be removed. Please remove usage of this function
    setup_onnx_logging(verbose) as log_ctx,

-- Docs: https://docs.pytest.org/en/stable/how-to/capture-warnings.html
95 passed, 10 warnings, 19 subtests passed in 10.82s
